// Jest Snapshot v1, https://goo.gl/fbAQLP

exports[`Component - Home Page should render 1`] = `
ShallowWrapper {
  Symbol(enzyme.__root__): [Circular],
  Symbol(enzyme.__unrendered__): <HomePage />,
  Symbol(enzyme.__renderer__): Object {
    "batchedUpdates": [Function],
    "getNode": [Function],
    "render": [Function],
    "simulateError": [Function],
    "simulateEvent": [Function],
    "unmount": [Function],
  },
  Symbol(enzyme.__node__): Object {
    "instance": null,
    "key": undefined,
    "nodeType": "function",
    "props": Object {
      "children": Array [
        <Title>
          Phone Number Generator
        </Title>,
        <GenerateNumbers
          errorMessages=""
          handleOnChange={[Function]}
          isDisabled={false}
          numbers=""
          title="Please Enter Number of Phone Numbers"
        />,
        <label
          className="checkbox has-text-grey-dark is-size-6"
        >
          <input
            onClick={[Function]}
            type="checkbox"
          />
           Descending Order: Default file arrangement is Ascending
        </label>,
        <p
          className="is-size-6 help"
        />,
        <Button
          isDisabled={false}
          left={false}
          onClick={[Function]}
          right={false}
        >
          Generate Numbers
        </Button>,
      ],
    },
    "ref": null,
    "rendered": Array [
      Object {
        "instance": null,
        "key": undefined,
        "nodeType": "function",
        "props": Object {
          "children": "Phone Number Generator",
        },
        "ref": null,
        "rendered": "Phone Number Generator",
        "type": [Function],
      },
      Object {
        "instance": null,
        "key": undefined,
        "nodeType": "function",
        "props": Object {
          "errorMessages": "",
          "handleOnChange": [Function],
          "isDisabled": false,
          "numbers": "",
          "title": "Please Enter Number of Phone Numbers",
        },
        "ref": null,
        "rendered": null,
        "type": [Function],
      },
      Object {
        "instance": null,
        "key": undefined,
        "nodeType": "host",
        "props": Object {
          "children": Array [
            <input
              onClick={[Function]}
              type="checkbox"
            />,
            " Descending Order: Default file arrangement is Ascending",
          ],
          "className": "checkbox has-text-grey-dark is-size-6",
        },
        "ref": null,
        "rendered": Array [
          Object {
            "instance": null,
            "key": undefined,
            "nodeType": "host",
            "props": Object {
              "onClick": [Function],
              "type": "checkbox",
            },
            "ref": null,
            "rendered": null,
            "type": "input",
          },
          " Descending Order: Default file arrangement is Ascending",
        ],
        "type": "label",
      },
      Object {
        "instance": null,
        "key": undefined,
        "nodeType": "host",
        "props": Object {
          "className": "is-size-6 help",
        },
        "ref": null,
        "rendered": null,
        "type": "p",
      },
      Object {
        "instance": null,
        "key": undefined,
        "nodeType": "function",
        "props": Object {
          "children": "Generate Numbers",
          "isDisabled": false,
          "left": false,
          "onClick": [Function],
          "right": false,
        },
        "ref": null,
        "rendered": "Generate Numbers",
        "type": [Function],
      },
    ],
    "type": Symbol(react.fragment),
  },
  Symbol(enzyme.__nodes__): Array [
    Object {
      "instance": null,
      "key": undefined,
      "nodeType": "function",
      "props": Object {
        "children": Array [
          <Title>
            Phone Number Generator
          </Title>,
          <GenerateNumbers
            errorMessages=""
            handleOnChange={[Function]}
            isDisabled={false}
            numbers=""
            title="Please Enter Number of Phone Numbers"
          />,
          <label
            className="checkbox has-text-grey-dark is-size-6"
          >
            <input
              onClick={[Function]}
              type="checkbox"
            />
             Descending Order: Default file arrangement is Ascending
          </label>,
          <p
            className="is-size-6 help"
          />,
          <Button
            isDisabled={false}
            left={false}
            onClick={[Function]}
            right={false}
          >
            Generate Numbers
          </Button>,
        ],
      },
      "ref": null,
      "rendered": Array [
        Object {
          "instance": null,
          "key": undefined,
          "nodeType": "function",
          "props": Object {
            "children": "Phone Number Generator",
          },
          "ref": null,
          "rendered": "Phone Number Generator",
          "type": [Function],
        },
        Object {
          "instance": null,
          "key": undefined,
          "nodeType": "function",
          "props": Object {
            "errorMessages": "",
            "handleOnChange": [Function],
            "isDisabled": false,
            "numbers": "",
            "title": "Please Enter Number of Phone Numbers",
          },
          "ref": null,
          "rendered": null,
          "type": [Function],
        },
        Object {
          "instance": null,
          "key": undefined,
          "nodeType": "host",
          "props": Object {
            "children": Array [
              <input
                onClick={[Function]}
                type="checkbox"
              />,
              " Descending Order: Default file arrangement is Ascending",
            ],
            "className": "checkbox has-text-grey-dark is-size-6",
          },
          "ref": null,
          "rendered": Array [
            Object {
              "instance": null,
              "key": undefined,
              "nodeType": "host",
              "props": Object {
                "onClick": [Function],
                "type": "checkbox",
              },
              "ref": null,
              "rendered": null,
              "type": "input",
            },
            " Descending Order: Default file arrangement is Ascending",
          ],
          "type": "label",
        },
        Object {
          "instance": null,
          "key": undefined,
          "nodeType": "host",
          "props": Object {
            "className": "is-size-6 help",
          },
          "ref": null,
          "rendered": null,
          "type": "p",
        },
        Object {
          "instance": null,
          "key": undefined,
          "nodeType": "function",
          "props": Object {
            "children": "Generate Numbers",
            "isDisabled": false,
            "left": false,
            "onClick": [Function],
            "right": false,
          },
          "ref": null,
          "rendered": "Generate Numbers",
          "type": [Function],
        },
      ],
      "type": Symbol(react.fragment),
    },
  ],
  Symbol(enzyme.__options__): Object {
    "adapter": ReactSixteenAdapter {
      "options": Object {
        "enableComponentDidUpdateOnSetState": true,
        "lifecycles": Object {
          "componentDidUpdate": Object {
            "onSetState": true,
          },
          "getDerivedStateFromProps": true,
          "getSnapshotBeforeUpdate": true,
          "setState": Object {
            "skipsComponentDidUpdateOnNullish": true,
          },
        },
      },
    },
  },
}
`;
